
> gigsenda@0.1.0 build
> next build

  Γû▓ Next.js 14.2.3
  - Environments: .env.local

   Creating an optimized production build ...
 Γ£ô Compiled successfully
   Skipping linting
   Checking validity of types ...
node.exe : Failed to compile.
At line:1 char:1
+ & "C:\Program Files\nodejs/node.exe" "C:\Program Files\nodejs/node_mo ...
+ ~~~~~~~~~~~~~~~~~~~~~~~~~~~~~~~~~~~~~~~~~~~~~~~~~~~~~~~~~~~~~~~~~~~~~
    + CategoryInfo          : NotSpecified: (Failed to compile.:String) [], RemoteException
    + FullyQualifiedErrorId : NativeCommandError
 

./app/(provider)/provider/bookings/page.tsx:59:30
Type error: Type 'Set<string>' can only be iterated through when using the '--downlevelIteration' flag or with a '--target' of 'es2015' or higher.

[0m [90m 57 |[39m[0m
[0m [90m 58 |[39m       [90m// Fetch photos for customers missing a photo[39m[0m
[0m[31m[1m>[22m[39m[90m 59 |[39m       [36mconst[39m missingIds [33m=[39m [[33m...[39m[36mnew[39m [33mSet[39m([0m
[0m [90m    |[39m                              [31m[1m^[22m[39m[0m
[0m [90m 60 |[39m         data[0m
[0m [90m 61 |[39m           [33m.[39mfilter((b[33m:[39m any) [33m=>[39m [33m![39mb[33m.[39mcustomerPhoto [33m&&[39m b[33m.[39mcustomerId)[0m
[0m [90m 62 |[39m           [33m.[39mmap((b[33m:[39m any) [33m=>[39m b[33m.[39mcustomerId [36mas[39m string)[0m
